---
source: crates/phlo-transform-cli/tests/cli.rs
expression: stdout(&output)
---
{
  "ok": true,
  "workspace_root": "fixtures/basic-multi-root",
  "roots": [
    {
      "path": "workflows/assay/transforms",
      "namespace": "assay",
      "strategy": "fixed",
      "kind": "workflow"
    },
    {
      "path": "workflows/reporting/transforms",
      "namespace": "reporting",
      "strategy": "fixed",
      "kind": "workflow"
    }
  ],
  "model_count": 3,
  "source_count": 1,
  "test_count": 0,
  "diagnostics": []
}
