---
source: crates/phlo-transform-cli/tests/cli.rs
assertion_line: 90
expression: stdout(&output)
---
{
  "diagnostics": [],
  "model": {
    "columns": [],
    "depends_on": [
      "assay.results"
    ],
    "id": "model://reporting/monthly",
    "materialization": "view",
    "name": "reporting.monthly",
    "namespace": "reporting",
    "path": "workflows/reporting/transforms/monthly.sql",
    "sources": [],
    "sql": "select * from assay.results\n",
    "target": "reporting.monthly",
    "tests": [],
    "used_by": [],
    "version": "4e889bb",
    "workflow": "reporting"
  },
  "state": {
    "current": null,
    "desired": "4e889bb",
    "status": "new"
  }
}
