---
source: crates/phlo-transform-cli/tests/cli.rs
expression: stdout(&output)
---
Model:         assay.results
ID:            model://assay/results
Path:          workflows/assay/transforms/results.sql
Materialized:  view
Target:        assay.results
Pinned:        (none)

Depends on:
  assay.raw

Sources:
  (none)

Used by:
  reporting.monthly

Tests:
  (none)

Columns (0):
  (none inferred)

State:
  desired:  ea19693
  current:  (none)
  status:   new
