---
source: crates/phlo-transform-cli/tests/cli.rs
assertion_line: 51
expression: stdout(&output)
---
Workspace: fixtures/ambiguous
Roots:     3
Models:    3
Sources:   0
Seeds:     0
Tests:     0

check failed

error[RESOLUTION001]: ambiguous relation `results`
  assay.results
  manufacturing.results
  help: use a qualified model name
  --> workflows/reporting/transforms/monthly.sql
