---
source: crates/phlo-transform-cli/tests/cli.rs
expression: stdout(&output)
---
Models (3)
  assay.raw                    [view] assay.raw <- external.raw_assay_results
  assay.results                [view] assay.results <- assay.raw
  reporting.monthly            [view] reporting.monthly <- assay.results

Sources (1)
  external.raw_assay_results

Tests (0)
