---
source: crates/phlo-transform-core/tests/snapshots.rs
assertion_line: 67
expression: "compiled(\"trino-syntax\").check_report()"
---
{
  "ok": true,
  "workspace_root": "../../fixtures/trino-syntax",
  "roots": [
    {
      "path": "workflows/trino/transforms",
      "namespace": "trino",
      "strategy": "fixed",
      "kind": "workflow"
    }
  ],
  "model_count": 3,
  "source_count": 1,
  "seed_count": 0,
  "test_count": 0,
  "diagnostics": []
}
