---
source: crates/phlo-transform-core/tests/snapshots.rs
expression: compilation.diagnostics
---
[
  {
    "code": "GRAPH001",
    "severity": "error",
    "message": "transformation cycle detected",
    "labels": [
      "assay.loop -> assay.loop"
    ],
    "help": "break the cycle by removing one of the references"
  }
]
