---
source: crates/phlo-transform-core/tests/snapshots.rs
assertion_line: 26
expression: "compiled(\"basic-multi-root\").check_report()"
---
{
  "ok": true,
  "workspace_root": "../../fixtures/basic-multi-root",
  "roots": [
    {
      "path": "workflows/assay/transforms",
      "namespace": "assay",
      "strategy": "fixed",
      "kind": "workflow"
    },
    {
      "path": "workflows/reporting/transforms",
      "namespace": "reporting",
      "strategy": "fixed",
      "kind": "workflow"
    }
  ],
  "model_count": 3,
  "source_count": 1,
  "seed_count": 0,
  "test_count": 0,
  "diagnostics": []
}
