---
source: crates/phlo-transform-core/tests/snapshots.rs
expression: "compiled(\"tests-suite\").graph_artifact()"
---
{
  "nodes": [
    {
      "id": "model://assay/raw",
      "kind": "model",
      "name": "assay.raw",
      "workflow": "assay"
    },
    {
      "id": "model://assay/results",
      "kind": "model",
      "name": "assay.results",
      "workflow": "assay"
    },
    {
      "id": "source://external/raw_assay_results",
      "kind": "source",
      "name": "external.raw_assay_results"
    },
    {
      "id": "test://raw_not_null",
      "kind": "quality_gate",
      "name": "raw_not_null"
    },
    {
      "id": "test://results_positive",
      "kind": "quality_gate",
      "name": "results_positive"
    }
  ],
  "edges": [
    {
      "from": "model://assay/raw",
      "to": "source://external/raw_assay_results",
      "kind": "source"
    },
    {
      "from": "model://assay/raw",
      "to": "test://raw_not_null",
      "kind": "quality_gate"
    },
    {
      "from": "model://assay/results",
      "to": "model://assay/raw",
      "kind": "model"
    },
    {
      "from": "model://assay/results",
      "to": "test://results_positive",
      "kind": "quality_gate"
    }
  ]
}
