---
source: crates/phlo-transform-core/tests/snapshots.rs
assertion_line: 31
expression: "compiled(\"basic-multi-root\").list_report()"
---
{
  "models": [
    {
      "id": "model://assay/raw",
      "name": "assay.raw",
      "namespace": "assay",
      "materialization": "view",
      "target": "assay.raw",
      "version": "bd1f2c4",
      "path": "workflows/assay/transforms/raw.sql",
      "depends_on": [],
      "sources": [
        "external.raw_assay_results"
      ]
    },
    {
      "id": "model://assay/results",
      "name": "assay.results",
      "namespace": "assay",
      "materialization": "view",
      "target": "assay.results",
      "version": "ea19693",
      "path": "workflows/assay/transforms/results.sql",
      "depends_on": [
        "assay.raw"
      ],
      "sources": []
    },
    {
      "id": "model://reporting/monthly",
      "name": "reporting.monthly",
      "namespace": "reporting",
      "materialization": "view",
      "target": "reporting.monthly",
      "version": "4e889bb",
      "path": "workflows/reporting/transforms/monthly.sql",
      "depends_on": [
        "assay.results"
      ],
      "sources": []
    }
  ],
  "sources": [
    {
      "id": "source://external/raw_assay_results",
      "name": "external.raw_assay_results"
    }
  ],
  "seeds": [],
  "tests": []
}
