---
source: crates/phlo-transform-core/tests/snapshots.rs
expression: compilation.diagnostics
---
[
  {
    "code": "PARSE001",
    "severity": "error",
    "message": "could not parse SQL: sql parser error: Expected: identifier, found: EOF",
    "path": "workflows/assay/transforms/broken.sql"
  }
]
